c:\users\vova\source\repos\opengl_rgz\opengl_rgz\x64\release\vc143.pdb
c:\users\vova\source\repos\opengl_rgz\opengl_rgz\x64\release\view_and_projection.obj
c:\users\vova\source\repos\opengl_rgz\opengl_rgz\x64\release\test_soil.obj
c:\users\vova\source\repos\opengl_rgz\opengl_rgz\x64\release\opengl_rgz.obj
c:\users\vova\source\repos\opengl_rgz\opengl_rgz\x64\release\models.obj
c:\users\vova\source\repos\opengl_rgz\opengl_rgz\x64\release\lighting_and_textures.obj
c:\users\vova\source\repos\opengl_rgz\opengl_rgz\x64\release\stb_image_aug.obj
c:\users\vova\source\repos\opengl_rgz\opengl_rgz\x64\release\soil.obj
c:\users\vova\source\repos\opengl_rgz\opengl_rgz\x64\release\image_helper.obj
c:\users\vova\source\repos\opengl_rgz\opengl_rgz\x64\release\image_dxt.obj
c:\users\vova\source\repos\opengl_rgz\opengl_rgz\x64\release\mouse_keybord_move.obj
c:\users\vova\source\repos\opengl_rgz\x64\release\opengl_rgz.exe
c:\users\vova\source\repos\opengl_rgz\x64\release\opengl_rgz.pdb
c:\users\vova\source\repos\opengl_rgz\opengl_rgz\x64\release\opengl_rgz.ipdb
c:\users\vova\source\repos\opengl_rgz\opengl_rgz\x64\release\opengl_rgz.iobj
c:\users\vova\source\repos\opengl_rgz\opengl_rgz\x64\release\opengl_rgz.tlog\cl.command.1.tlog
c:\users\vova\source\repos\opengl_rgz\opengl_rgz\x64\release\opengl_rgz.tlog\cl.items.tlog
c:\users\vova\source\repos\opengl_rgz\opengl_rgz\x64\release\opengl_rgz.tlog\cl.read.1.tlog
c:\users\vova\source\repos\opengl_rgz\opengl_rgz\x64\release\opengl_rgz.tlog\cl.write.1.tlog
c:\users\vova\source\repos\opengl_rgz\opengl_rgz\x64\release\opengl_rgz.tlog\link.command.1.tlog
c:\users\vova\source\repos\opengl_rgz\opengl_rgz\x64\release\opengl_rgz.tlog\link.read.1.tlog
c:\users\vova\source\repos\opengl_rgz\opengl_rgz\x64\release\opengl_rgz.tlog\link.secondary.1.tlog
c:\users\vova\source\repos\opengl_rgz\opengl_rgz\x64\release\opengl_rgz.tlog\link.write.1.tlog
